// Jest Snapshot v1, https://goo.gl/fbAQLP

exports[`<Loading /> renders the <Loading /> 1`] = `
<div
  class="sc-bdfBwQ iTUdlz"
  data-testid="loading"
>
  <img
    class="sc-gsTCUz jhTWRu"
    data-testid="loading-picture"
    src="/images/users//images/stephen.png.png"
  />
</div>
`;

exports[`<Loading /> renders the <Loading.ReleaseBody /> 1`] = `null`;
